// Jest Snapshot v1, https://goo.gl/fbAQLP

exports[`should render DashboardPage correctly 1`] = `
"<FlexBox vertical={true} justifyContent=\\"space-between\\" className=\\"dashboard\\">
  <Connect(HeaderBase) />
  <Connect(NotesListBase) onNoteSelected={[Function: onNoteSelected]} />
  <Connect(SideBarBase) />
  <TextNoteFormModal history={{...}} />
  <ListNoteFormModal history={{...}} />
  <ImageNoteFormModal history={{...}} />
  <Connect(UserFormModal) />
  <Controllers isMobile={true} openDialog={[Function: openDialog]} />
  <ToastContainer autoClose={2000} position=\\"top-right\\" transition={[Function: Animation]} rtl={false} hideProgressBar={false} closeButton={{...}} pauseOnHover={true} pauseOnFocusLoss={true} closeOnClick={true} newestOnTop={false} draggable={true} draggablePercent={80} className={{...}} style={{...}} toastClassName={{...}} bodyClassName={{...}} progressClassName={{...}} progressStyle={{...}} role=\\"alert\\" />
</FlexBox>"
`;
