// Jest Snapshot v1, https://goo.gl/fbAQLP

exports[`should render Header correctly 1`] = `
"<header className=\\"header\\" onClick={[Function: onClick]}>
  <ContentContainer>
    <div className=\\"header__content\\">
      <IconButton className=\\"header__bar\\" icon=\\"bars\\" size=\\"2x\\" onButtonClick={[Function: onButtonClick]} />
      <h1 className=\\"header__title\\">
        KEEP ME
      </h1>
      <Connect(SearchBase) wrapperClass=\\"header__search\\" />
      <Controllers className=\\"hide-for-mobile\\" openDialog={[Function: openDialog]} />
      <div className=\\"header__user-box user-box\\">
        <LinkButton text=\\"Update profile\\" type=\\"button\\" className=\\"user-box__link\\" onClick={[Function: onClick]} />
        <IconButton className=\\"user-box__icon\\" icon=\\"users-cog\\" size=\\"lg\\" onButtonClick={[Function: onButtonClick]} />
        <IconButton className=\\"user-box__logout\\" icon=\\"sign-out-alt\\" size=\\"lg\\" onButtonClick={[Function: onButtonClick]} />
      </div>
    </div>
  </ContentContainer>
  <Modal isOpen={false} onRequestClose={[Function: onRequestClose]} className=\\"user-box__logout logout\\" ariaHideApp={false} portalClassName=\\"ReactModalPortal\\" bodyOpenClassName=\\"ReactModal__Body--open\\" role=\\"dialog\\" closeTimeoutMS={0} shouldFocusAfterRender={true} shouldCloseOnEsc={true} shouldCloseOnOverlayClick={true} shouldReturnFocusAfterClose={true} parentSelector={[Function: parentSelector]}>
    <ConfirmDialog title=\\"Do you want to logout?\\" handleConfirm={[Function: mockConstructor]} closeDialog={[Function: closeDialog]} className=\\"logout__dialog\\" buttonsProps={{...}} />
  </Modal>
</header>"
`;
