// Jest Snapshot v1, https://goo.gl/fbAQLP

exports[`Rendering should render LoginPage correctly 1`] = `
"<UserFormModal updateUserData={[Function: mockConstructor]} toggle={[Function: mockConstructor]} auth={{...}} modals={{...}}>
  <Modal isOpen={false} onRequestClose={[Function]} className=\\"user-modal\\" ariaHideApp={false} portalClassName=\\"ReactModalPortal\\" bodyOpenClassName=\\"ReactModal__Body--open\\" role=\\"dialog\\" closeTimeoutMS={0} shouldFocusAfterRender={true} shouldCloseOnEsc={true} shouldCloseOnOverlayClick={true} shouldReturnFocusAfterClose={true} parentSelector={[Function: parentSelector]}>
    <Portal containerInfo={{...}}>
      <ModalPortal defaultStyles={{...}} isOpen={false} onRequestClose={[Function]} className=\\"user-modal\\" ariaHideApp={false} portalClassName=\\"ReactModalPortal\\" bodyOpenClassName=\\"ReactModal__Body--open\\" role=\\"dialog\\" closeTimeoutMS={0} shouldFocusAfterRender={true} shouldCloseOnEsc={true} shouldCloseOnOverlayClick={true} shouldReturnFocusAfterClose={true} parentSelector={[Function: parentSelector]} style={{...}} />
    </Portal>
  </Modal>
</UserFormModal>"
`;
